// Jest Snapshot v1, https://goo.gl/fbAQLP

exports[`Calculator Render calculator 1`] = `
<div>
  <div
    class="main-div"
  >
    <p
      class="calc-screen"
    >
      0
    </p>
    <div
      class="btns-div"
    >
      <button
        class="calc-btn"
        type="button"
      >
        AC
      </button>
      <button
        class="calc-btn"
        type="button"
      >
        +/-
      </button>
      <button
        class="calc-btn"
        type="button"
      >
        %
      </button>
      <button
        class="calc-btn orange-btns"
        type="button"
      >
        รท
      </button>
      <button
        class="calc-btn"
        type="button"
      >
        7
      </button>
      <button
        class="calc-btn"
        type="button"
      >
        8
      </button>
      <button
        class="calc-btn"
        type="button"
      >
        9
      </button>
      <button
        class="calc-btn orange-btns"
        type="button"
      >
        x
      </button>
      <button
        class="calc-btn"
        type="button"
      >
        4
      </button>
      <button
        class="calc-btn"
        type="button"
      >
        5
      </button>
      <button
        class="calc-btn"
        type="button"
      >
        6
      </button>
      <button
        class="calc-btn orange-btns"
        type="button"
      >
        -
      </button>
      <button
        class="calc-btn"
        type="button"
      >
        1
      </button>
      <button
        class="calc-btn"
        type="button"
      >
        2
      </button>
      <button
        class="calc-btn"
        type="button"
      >
        3
      </button>
      <button
        class="calc-btn orange-btns"
        type="button"
      >
        +
      </button>
      <button
        class="calc-btn"
        type="button"
      >
        0
      </button>
      <button
        class="calc-btn"
        type="button"
      >
        .
      </button>
      <button
        class="calc-btn orange-btns"
        id="equal-btn"
        type="button"
      >
        =
      </button>
    </div>
  </div>
</div>
`;

exports[`Calculator Renders calculator correctly 1`] = `
<div>
  <div
    class="main-div"
  >
    <p
      class="calc-screen"
    >
      0
    </p>
    <div
      class="btns-div"
    >
      <button
        class="calc-btn"
        type="button"
      >
        AC
      </button>
      <button
        class="calc-btn"
        type="button"
      >
        +/-
      </button>
      <button
        class="calc-btn"
        type="button"
      >
        %
      </button>
      <button
        class="calc-btn orange-btns"
        type="button"
      >
        รท
      </button>
      <button
        class="calc-btn"
        type="button"
      >
        7
      </button>
      <button
        class="calc-btn"
        type="button"
      >
        8
      </button>
      <button
        class="calc-btn"
        type="button"
      >
        9
      </button>
      <button
        class="calc-btn orange-btns"
        type="button"
      >
        x
      </button>
      <button
        class="calc-btn"
        type="button"
      >
        4
      </button>
      <button
        class="calc-btn"
        type="button"
      >
        5
      </button>
      <button
        class="calc-btn"
        type="button"
      >
        6
      </button>
      <button
        class="calc-btn orange-btns"
        type="button"
      >
        -
      </button>
      <button
        class="calc-btn"
        type="button"
      >
        1
      </button>
      <button
        class="calc-btn"
        type="button"
      >
        2
      </button>
      <button
        class="calc-btn"
        type="button"
      >
        3
      </button>
      <button
        class="calc-btn orange-btns"
        type="button"
      >
        +
      </button>
      <button
        class="calc-btn"
        type="button"
      >
        0
      </button>
      <button
        class="calc-btn"
        type="button"
      >
        .
      </button>
      <button
        class="calc-btn orange-btns"
        id="equal-btn"
        type="button"
      >
        =
      </button>
    </div>
  </div>
</div>
`;
